
> fysh@0.1.0 build C:\Users\zenaq\OneDrive\Desktop\claude project\fysh
> prisma generate && next build

warn The configuration property `package.json#prisma` is deprecated and will be removed in Prisma 7. Please migrate to a Prisma config file (e.g., `prisma.config.ts`).
For more information, see: https://pris.ly/prisma-config

Environment variables loaded from .env
Prisma schema loaded from prisma\schema.prisma
Error: 
EPERM: operation not permitted, rename 'C:\Users\zenaq\OneDrive\Desktop\claude project\fysh\node_modules\.pnpm\@prisma+client@6.19.2_prism_6b2b1af085fe6797f5a5ea830937a8e3\node_modules\.prisma\client\query_engine-windows.dll.node.tmp46072' -> 'C:\Users\zenaq\OneDrive\Desktop\claude project\fysh\node_modules\.pnpm\@prisma+client@6.19.2_prism_6b2b1af085fe6797f5a5ea830937a8e3\node_modules\.prisma\client\query_engine-windows.dll.node'


 ELIFECYCLE  Command failed with exit code 1.
